// Vitest Snapshot v1, https://vitest.dev/guide/snapshot.html

exports[`fixtures > ./fixtures/basic.vue 1`] = `
"<script setup lang="ts">
const { foo = 'foo', bar = 10, } = defineProps<{
  foo?: string,
  bar?: any,
}>()
let baz = $(defineModel("baz"))
let qux = $(defineModel("qux", { default: () => (fn()) }))





console.log(foo, bar, baz)

function fn() {}
</script>
"
`;
